  Building Custom Rule C:/Users/Huawei/Documents/Assimp/code/CMakeLists.txt
  Assimp.cpp
  CInterfaceIOWrapper.cpp
  Compression.cpp
  BaseImporter.cpp
  BaseProcess.cpp
  PostStepRegistry.cpp
  ImporterRegistry.cpp
  DefaultIOStream.cpp
  IOSystem.cpp
  DefaultIOSystem.cpp
  ZipArchiveIOSystem.cpp
  Importer.cpp
  SGSpatialSort.cpp
  VertexTriangleAdjacency.cpp
  SpatialSort.cpp
  SceneCombiner.cpp
  ScenePreprocessor.cpp
  SkeletonMeshBuilder.cpp
  StandardShapes.cpp
  TargetAnimation.cpp
  RemoveComments.cpp
  Subdivision.cpp
  scene.cpp
  Bitmap.cpp
  Version.cpp
  CreateAnimMesh.cpp
  simd.cpp
  material.cpp
  AssertHandler.cpp
  Exceptional.cpp
  Base64.cpp
  GeometryUtils.cpp
  DefaultLogger.cpp
  CalcTangentsProcess.cpp
  ComputeUVMappingProcess.cpp
  ConvertToLHProcess.cpp
  EmbedTexturesProcess.cpp
  FindDegenerates.cpp
  FindInstancesProcess.cpp
  FindInvalidDataProcess.cpp
  FixNormalsStep.cpp
  DropFaceNormalsProcess.cpp
  GenFaceNormalsProcess.cpp
  GenVertexNormalsProcess.cpp
  PretransformVertices.cpp
  ImproveCacheLocality.cpp
  JoinVerticesProcess.cpp
  LimitBoneWeightsProcess.cpp
  RemoveRedundantMaterials.cpp
  RemoveVCProcess.cpp
  SortByPTypeProcess.cpp
  SplitLargeMeshes.cpp
  TextureTransform.cpp
  TriangulateProcess.cpp
  ValidateDataStructure.cpp
  OptimizeGraph.cpp
  OptimizeMeshes.cpp
  DeboneProcess.cpp
  ProcessHelper.cpp
  MakeVerboseFormat.cpp
  ScaleProcess.cpp
  ArmaturePopulate.cpp
  GenBoundingBoxesProcess.cpp
  SplitByBoneCountProcess.cpp
  MaterialSystem.cpp
  STEPFileReader.cpp
  STEPFileEncoding.cpp
  glTFCommon.cpp
  AMFImporter.cpp
  AMFImporter_Geometry.cpp
  AMFImporter_Material.cpp
  AMFImporter_Postprocess.cpp
  3DSConverter.cpp
  3DSLoader.cpp
  ACLoader.cpp
  ASELoader.cpp
  ASEParser.cpp
  AssbinLoader.cpp
  B3DImporter.cpp
  BVHLoader.cpp
  ColladaHelper.cpp
  ColladaLoader.cpp
  ColladaParser.cpp
  DXFLoader.cpp
  CSMLoader.cpp
  HMPLoader.cpp
  IRRMeshLoader.cpp
  IRRShared.cpp
  IQMImporter.cpp
  IRRLoader.cpp
  LWOAnimation.cpp
  LWOBLoader.cpp
  LWOLoader.cpp
  LWOMaterial.cpp
  LWSLoader.cpp
  MD2Loader.cpp
  MD3Loader.cpp
  MD5Loader.cpp
  MD5Parser.cpp
  MDCLoader.cpp
  MDLLoader.cpp
  MDLMaterialLoader.cpp
  HL1MDLLoader.cpp
  UniqueNameGenerator.cpp
  NFFLoader.cpp
  NDOLoader.cpp
  OFFLoader.cpp
  ObjFileImporter.cpp
  ObjFileMtlImporter.cpp
  ObjFileParser.cpp
  OgreImporter.cpp
  OgreStructs.cpp
  OgreBinarySerializer.cpp
  OgreXmlSerializer.cpp
  OgreMaterial.cpp
  OpenGEXImporter.cpp
  PlyLoader.cpp
  PlyParser.cpp
  MS3DLoader.cpp
  COBLoader.cpp
  BlenderLoader.cpp
  BlenderDNA.cpp
  BlenderScene.cpp
  BlenderModifier.cpp
  BlenderBMesh.cpp
  BlenderTessellator.cpp
  BlenderCustomData.cpp
  IFCLoader.cpp
  IFCReaderGen1_2x3.cpp
  IFCReaderGen2_2x3.cpp
  IFCUtil.cpp
  IFCGeometry.cpp
  IFCMaterial.cpp
  IFCProfile.cpp
  IFCCurve.cpp
  IFCBoolean.cpp
  IFCOpenings.cpp
  XGLLoader.cpp
  FBXImporter.cpp
  FBXParser.cpp
  FBXTokenizer.cpp
  FBXConverter.cpp
  FBXDocument.cpp
  FBXProperties.cpp
  FBXMeshGeometry.cpp
  FBXMaterial.cpp
  FBXModel.cpp
  FBXAnimation.cpp
  FBXNodeAttribute.cpp
  FBXDeformer.cpp
  FBXBinaryTokenizer.cpp
  FBXDocumentUtil.cpp
  Q3DLoader.cpp
  Q3BSPFileParser.cpp
  Q3BSPFileImporter.cpp
  RawLoader.cpp
  SIBImporter.cpp
  SMDLoader.cpp
  STLLoader.cpp
  TerragenLoader.cpp
  UnrealLoader.cpp
  XFileImporter.cpp
  XFileParser.cpp
  X3DImporter.cpp
  X3DImporter_Geometry2D.cpp
  X3DImporter_Geometry3D.cpp
  X3DImporter_Group.cpp
  X3DImporter_Light.cpp
  X3DImporter_Metadata.cpp
  X3DImporter_Networking.cpp
  X3DImporter_Postprocess.cpp
  X3DImporter_Rendering.cpp
  X3DImporter_Shape.cpp
  X3DImporter_Texturing.cpp
  X3DGeoHelper.cpp
  X3DXmlHelper.cpp
  VrmlConverter.cpp
  glTFImporter.cpp
  glTF2Importer.cpp
  XmlSerializer.cpp
  D3MFImporter.cpp
  D3MFOpcPackage.cpp
  MMDImporter.cpp
  MMDPmxParser.cpp
  FBXUtil.cpp
  shapes.cc
  advancing_front.cc
  cdt.cc
  sweep.cc
  sweep_context.cc
  clipper.cpp
  OpenDDLParser.cpp
  DDLNode.cpp
  OpenDDLCommon.cpp
  OpenDDLExport.cpp
  Value.cpp
  OpenDDLStream.cpp
  o3dgcArithmeticCodec.cpp
  o3dgcDynamicVectorDecoder.cpp
  o3dgcDynamicVectorEncoder.cpp
  o3dgcTools.cpp
  o3dgcTriangleFans.cpp
  pugixml.cpp
  ioapi.c
  unzip.c
     Creating library C:/Users/Huawei/Documents/Assimp/build/lib/Release/assimp-vc142-mt.lib and object C:/Users/Huawei/Documents/Assimp/build/lib/Release/assimp-vc142-mt.exp
  assimp.vcxproj -> C:\Users\Huawei\Documents\Assimp\build\bin\Release\assimp-vc142-mt.dll
